<?xml version="1.0" encoding="utf-8"?><testsuite errors="0" failures="0" name="pytest" skipped="0" tests="1" time="0.012"><testcase classname="test" file="test.py" line="4" name="test_func" time="0.001"><system-out>this is python!
</system-out></testcase></testsuite>